{"sessionId":"c281f6","hypothesisId":"H1","location":"deploy.mjs:uploadDistFtps:entry","message":"ftps upload start","data":{"host":"ftp.beda44502.odns.fr","port":21,"remoteBase":"/","mirrorActive":true,"askConfirm":false,"localFileCount":274,"localBytes":8107066,"ftpsInsecure":true},"timestamp":1780338615347,"runId":"pre-fix"}
{"sessionId":"c281f6","hypothesisId":"H3","location":"deploy.mjs:uploadDistFtps:access","message":"control login ok","data":{"msSinceStart":559},"timestamp":1780338615902,"runId":"pre-fix"}
{"sessionId":"c281f6","hypothesisId":"H6","location":"deploy.mjs:uploadDistFtps:preview-list-start","message":"remote listing for preview","data":{"msSinceStart":587},"timestamp":1780338615929,"runId":"pre-fix"}
{"sessionId":"c281f6","hypothesisId":"H6","location":"deploy.mjs:uploadDistFtps:preview-list-done","message":"remote listing complete","data":{"remoteFileCount":282,"msSinceStart":10334},"timestamp":1780338625676,"runId":"pre-fix"}
{"sessionId":"c281f6","hypothesisId":"H6","location":"deploy.mjs:refreshFtpsSession","message":"ftps session refresh","data":{"reason":"after-preview","msSinceStart":10338},"timestamp":1780338625681,"runId":"pre-fix"}
{"sessionId":"c281f6","hypothesisId":"H5","location":"deploy.mjs:uploadDistFtps:pre-upload","message":"starting chunked uploadFromDir","data":{"loginDir":"/","remoteBase":"/","msSinceStart":10663},"timestamp":1780338626006,"runId":"pre-fix"}
{"sessionId":"c281f6","hypothesisId":"H1","location":"deploy.mjs:uploadDistResilientFtps:batch-done","message":"flat dir batch uploaded","data":{"chunk":"_astro","batchSize":45,"bytesOverall":1807804,"msSinceStart":23577},"timestamp":1780338638919,"runId":"pre-fix"}
{"sessionId":"c281f6","hypothesisId":"H6","location":"deploy.mjs:refreshFtpsSession","message":"ftps session refresh","data":{"reason":"flat-batch","msSinceStart":23578,"chunk":"_astro","batch":2},"timestamp":1780338638920,"runId":"pre-fix"}
{"sessionId":"c281f6","hypothesisId":"H1","location":"deploy.mjs:uploadDistResilientFtps:batch-done","message":"flat dir batch uploaded","data":{"chunk":"_astro","batchSize":45,"bytesOverall":2642192,"msSinceStart":35609},"timestamp":1780338650952,"runId":"pre-fix"}
{"sessionId":"c281f6","hypothesisId":"H6","location":"deploy.mjs:refreshFtpsSession","message":"ftps session refresh","data":{"reason":"flat-batch","msSinceStart":35610,"chunk":"_astro","batch":3},"timestamp":1780338650953,"runId":"pre-fix"}
{"sessionId":"c281f6","hypothesisId":"H1","location":"deploy.mjs:uploadDistResilientFtps:batch-done","message":"flat dir batch uploaded","data":{"chunk":"_astro","batchSize":37,"bytesOverall":4811616,"msSinceStart":47430},"timestamp":1780338662772,"runId":"pre-fix"}
{"sessionId":"c281f6","hypothesisId":"H6","location":"deploy.mjs:refreshFtpsSession","message":"ftps session refresh","data":{"reason":"between-chunks","msSinceStart":47431,"chunk":"00-index"},"timestamp":1780338662773,"runId":"pre-fix"}
{"sessionId":"c281f6","hypothesisId":"H1","location":"deploy.mjs:uploadDistResilientFtps:chunk-done","message":"chunk uploaded","data":{"chunk":"00-index","fileCount":1,"bytesOverall":4852317,"msSinceStart":47916},"timestamp":1780338663258,"runId":"pre-fix"}
{"sessionId":"c281f6","hypothesisId":"H6","location":"deploy.mjs:refreshFtpsSession","message":"ftps session refresh","data":{"reason":"between-chunks","msSinceStart":47917,"chunk":"00-lexique"},"timestamp":1780338663259,"runId":"pre-fix"}
{"sessionId":"c281f6","hypothesisId":"H1","location":"deploy.mjs:uploadDistResilientFtps:chunk-done","message":"chunk uploaded","data":{"chunk":"00-lexique","fileCount":27,"bytesOverall":5856759,"msSinceStart":52303},"timestamp":1780338667645,"runId":"pre-fix"}
{"sessionId":"c281f6","hypothesisId":"H6","location":"deploy.mjs:refreshFtpsSession","message":"ftps session refresh","data":{"reason":"between-chunks","msSinceStart":52304,"chunk":"01-fondations"},"timestamp":1780338667646,"runId":"pre-fix"}
{"sessionId":"c281f6","hypothesisId":"H1","location":"deploy.mjs:uploadDistResilientFtps:chunk-done","message":"chunk uploaded","data":{"chunk":"01-fondations","fileCount":2,"bytesOverall":5982997,"msSinceStart":52979},"timestamp":1780338668321,"runId":"pre-fix"}
{"sessionId":"c281f6","hypothesisId":"H6","location":"deploy.mjs:refreshFtpsSession","message":"ftps session refresh","data":{"reason":"between-chunks","msSinceStart":52979,"chunk":"404.html"},"timestamp":1780338668321,"runId":"pre-fix"}
{"sessionId":"c281f6","hypothesisId":"H6","location":"deploy.mjs:refreshFtpsSession","message":"ftps session refresh","data":{"reason":"between-chunks","msSinceStart":53400,"chunk":"en"},"timestamp":1780338668743,"runId":"pre-fix"}
{"sessionId":"c281f6","hypothesisId":"H1","location":"deploy.mjs:uploadDistResilientFtps:chunk-done","message":"chunk uploaded","data":{"chunk":"en","fileCount":32,"bytesOverall":7231547,"msSinceStart":58299},"timestamp":1780338673641,"runId":"pre-fix"}
{"sessionId":"c281f6","hypothesisId":"H6","location":"deploy.mjs:refreshFtpsSession","message":"ftps session refresh","data":{"reason":"between-chunks","msSinceStart":58300,"chunk":"favicon.svg"},"timestamp":1780338673642,"runId":"pre-fix"}
{"sessionId":"c281f6","hypothesisId":"H6","location":"deploy.mjs:refreshFtpsSession","message":"ftps session refresh","data":{"reason":"between-chunks","msSinceStart":59033,"chunk":"index.html"},"timestamp":1780338674375,"runId":"pre-fix"}
{"sessionId":"c281f6","hypothesisId":"H6","location":"deploy.mjs:refreshFtpsSession","message":"ftps session refresh","data":{"reason":"between-chunks","msSinceStart":59485,"chunk":"pagefind"},"timestamp":1780338674827,"runId":"pre-fix"}
{"sessionId":"c281f6","hypothesisId":"H1","location":"deploy.mjs:uploadDistResilientFtps:chunk-done","message":"chunk uploaded","data":{"chunk":"pagefind","fileCount":80,"bytesOverall":8088873,"msSinceStart":66801},"timestamp":1780338682144,"runId":"pre-fix"}
{"sessionId":"c281f6","hypothesisId":"H6","location":"deploy.mjs:refreshFtpsSession","message":"ftps session refresh","data":{"reason":"between-chunks","msSinceStart":66802,"chunk":"sitemap-0.xml"},"timestamp":1780338682144,"runId":"pre-fix"}
{"sessionId":"c281f6","hypothesisId":"H6","location":"deploy.mjs:refreshFtpsSession","message":"ftps session refresh","data":{"reason":"between-chunks","msSinceStart":67260,"chunk":"sitemap-index.xml"},"timestamp":1780338682602,"runId":"pre-fix"}
{"sessionId":"c281f6","hypothesisId":"H1","location":"deploy.mjs:uploadDistResilientFtps:done","message":"all chunks uploaded","data":{"chunks":11,"bytesOverall":8107066,"msSinceStart":67639},"timestamp":1780338682981,"runId":"pre-fix"}
